2026-01-25 14:45:25,870 [INFO] - 环境设置完成。设备: cuda, 输出目录: results\UCI_Multimodal_Experiment
2026-01-25 14:45:25,870 [INFO] - 正在验证UCI配置文件...
2026-01-25 14:45:25,871 [INFO] - ✓ 所有启用的模态都有对应的专家。
2026-01-25 14:45:25,871 [INFO] - ✓ 分类器输入维度匹配: 96
2026-01-25 14:45:25,872 [INFO] - ✓ UCI配置验证通过
2026-01-25 14:45:25,872 [INFO] - 开始UCI多模态训练实验: config/uci_config.yaml
2026-01-25 14:45:25,873 [INFO] - 加载数据集: UCI
2026-01-25 14:45:25,901 [INFO] - Loading UCI train signals from datasets/dataset/UCI HAR Dataset/train\Inertial Signals...
2026-01-25 14:45:27,367 [INFO] - UCI train set: 5881 samples
2026-01-25 14:45:27,404 [INFO] - Loading UCI train signals from datasets/dataset/UCI HAR Dataset/train\Inertial Signals...
2026-01-25 14:45:28,869 [INFO] - UCI validation set: 1471 samples
2026-01-25 14:45:28,880 [INFO] - Loading UCI test signals from datasets/dataset/UCI HAR Dataset/test\Inertial Signals...
2026-01-25 14:45:29,501 [INFO] - UCI test set: 2947 samples
2026-01-25 14:45:29,519 [INFO] - 数据集大小 - 训练: 5881, 验证: 1471, 测试: 2947
2026-01-25 14:45:29,520 [INFO] - 实际加载的模态: ['gyro', 'total_acc']
2026-01-25 14:45:29,520 [INFO] -   gyro: 形状 torch.Size([128, 3])
2026-01-25 14:45:29,521 [INFO] -   total_acc: 形状 torch.Size([128, 3])
2026-01-25 14:45:29,522 [INFO] - 类别分布: {np.int64(0): np.int64(997), np.int64(1): np.int64(857), np.int64(2): np.int64(786), np.int64(3): np.int64(1022), np.int64(4): np.int64(1105), np.int64(5): np.int64(1114)}
2026-01-25 14:45:29,522 [INFO] - 构建动态HAR模型...
2026-01-25 14:45:29,641 [INFO] - 模型参数总数: 1,081,736
2026-01-25 14:45:29,642 [INFO] - 可训练参数: 1,081,736
2026-01-25 14:45:29,642 [INFO] - 设置训练组件...
2026-01-25 14:45:29,643 [INFO] - 类别权重: {np.int64(0): np.float64(0.983116014710799), np.int64(1): np.float64(1.1437183975106961), np.int64(2): np.float64(1.2470313825275656), np.int64(3): np.float64(0.9590671885192433), np.int64(4): np.float64(0.8870286576168929), np.int64(5): np.float64(0.8798623578695391)}
2026-01-25 14:45:30,438 [INFO] - 训练组件设置完成: 优化器=adam, 调度器=step
2026-01-25 14:45:30,439 [INFO] - 开始训练...
2026-01-25 14:45:43,593 [INFO] - Epoch 1/50 | Train Loss: 0.9188, Train Acc: 0.7752 | Val Loss: 0.6545, Val Acc: 0.9388, Val F1: 0.9389 | LR: 0.001000
2026-01-25 14:45:43,603 [INFO] - 新最佳模型已保存，验证F1分数: 0.9389
2026-01-25 14:45:56,718 [INFO] - Epoch 2/50 | Train Loss: 0.6457, Train Acc: 0.9220 | Val Loss: 0.7098, Val Acc: 0.8729, Val F1: 0.8699 | LR: 0.001000
2026-01-25 14:46:08,991 [INFO] - Epoch 3/50 | Train Loss: 0.6183, Train Acc: 0.9327 | Val Loss: 0.6005, Val Acc: 0.9239, Val F1: 0.9238 | LR: 0.001000
2026-01-25 14:46:21,369 [INFO] - Epoch 4/50 | Train Loss: 0.6135, Train Acc: 0.9253 | Val Loss: 0.7240, Val Acc: 0.8708, Val F1: 0.8706 | LR: 0.001000
2026-01-25 14:46:33,718 [INFO] - Epoch 5/50 | Train Loss: 0.5895, Train Acc: 0.9440 | Val Loss: 0.8653, Val Acc: 0.7995, Val F1: 0.7746 | LR: 0.001000
2026-01-25 14:46:46,044 [INFO] - Epoch 6/50 | Train Loss: 0.5988, Train Acc: 0.9373 | Val Loss: 1.0448, Val Acc: 0.7614, Val F1: 0.7544 | LR: 0.001000
2026-01-25 14:46:58,252 [INFO] - Epoch 7/50 | Train Loss: 0.6049, Train Acc: 0.9322 | Val Loss: 0.6967, Val Acc: 0.8729, Val F1: 0.8738 | LR: 0.001000
2026-01-25 14:47:10,368 [INFO] - Epoch 8/50 | Train Loss: 0.5921, Train Acc: 0.9430 | Val Loss: 0.6285, Val Acc: 0.9177, Val F1: 0.9174 | LR: 0.001000
2026-01-25 14:47:22,563 [INFO] - Epoch 9/50 | Train Loss: 0.5811, Train Acc: 0.9451 | Val Loss: 0.6686, Val Acc: 0.9048, Val F1: 0.9042 | LR: 0.001000
2026-01-25 14:47:34,869 [INFO] - Epoch 10/50 | Train Loss: 0.5940, Train Acc: 0.9385 | Val Loss: 0.6902, Val Acc: 0.9069, Val F1: 0.9067 | LR: 0.001000
2026-01-25 14:47:47,180 [INFO] - Epoch 11/50 | Train Loss: 0.5920, Train Acc: 0.9418 | Val Loss: 0.6688, Val Acc: 0.8960, Val F1: 0.8962 | LR: 0.001000
2026-01-25 14:47:59,600 [INFO] - Epoch 12/50 | Train Loss: 0.5919, Train Acc: 0.9402 | Val Loss: 0.6234, Val Acc: 0.9239, Val F1: 0.9239 | LR: 0.001000
2026-01-25 14:48:12,129 [INFO] - Epoch 13/50 | Train Loss: 0.5708, Train Acc: 0.9492 | Val Loss: 0.6525, Val Acc: 0.9062, Val F1: 0.9061 | LR: 0.001000
2026-01-25 14:48:24,338 [INFO] - Epoch 14/50 | Train Loss: 0.5922, Train Acc: 0.9406 | Val Loss: 0.9627, Val Acc: 0.7022, Val F1: 0.6824 | LR: 0.001000
2026-01-25 14:48:36,641 [INFO] - Epoch 15/50 | Train Loss: 0.5829, Train Acc: 0.9420 | Val Loss: 0.6745, Val Acc: 0.8885, Val F1: 0.8899 | LR: 0.001000
2026-01-25 14:48:49,668 [INFO] - Epoch 16/50 | Train Loss: 0.5734, Train Acc: 0.9475 | Val Loss: 0.7451, Val Acc: 0.8695, Val F1: 0.8654 | LR: 0.001000
2026-01-25 14:49:03,198 [INFO] - Epoch 17/50 | Train Loss: 0.5723, Train Acc: 0.9481 | Val Loss: 0.7663, Val Acc: 0.8640, Val F1: 0.8677 | LR: 0.001000
2026-01-25 14:49:16,380 [INFO] - Epoch 18/50 | Train Loss: 0.5720, Train Acc: 0.9487 | Val Loss: 0.6899, Val Acc: 0.8817, Val F1: 0.8800 | LR: 0.001000
2026-01-25 14:49:29,128 [INFO] - Epoch 19/50 | Train Loss: 0.5766, Train Acc: 0.9445 | Val Loss: 0.6215, Val Acc: 0.9116, Val F1: 0.9117 | LR: 0.001000
2026-01-25 14:49:41,514 [INFO] - Epoch 20/50 | Train Loss: 0.5782, Train Acc: 0.9463 | Val Loss: 0.8664, Val Acc: 0.7736, Val F1: 0.7522 | LR: 0.001000
2026-01-25 14:49:54,083 [INFO] - Epoch 21/50 | Train Loss: 0.5672, Train Acc: 0.9499 | Val Loss: 0.7247, Val Acc: 0.8899, Val F1: 0.8895 | LR: 0.001000
2026-01-25 14:50:06,542 [INFO] - Epoch 22/50 | Train Loss: 0.5662, Train Acc: 0.9504 | Val Loss: 0.6914, Val Acc: 0.9041, Val F1: 0.9043 | LR: 0.001000
2026-01-25 14:50:18,904 [INFO] - Epoch 23/50 | Train Loss: 0.5713, Train Acc: 0.9483 | Val Loss: 0.6930, Val Acc: 0.8844, Val F1: 0.8819 | LR: 0.001000
2026-01-25 14:50:31,336 [INFO] - Epoch 24/50 | Train Loss: 0.5756, Train Acc: 0.9490 | Val Loss: 0.6480, Val Acc: 0.8824, Val F1: 0.8817 | LR: 0.001000
2026-01-25 14:50:43,499 [INFO] - Epoch 25/50 | Train Loss: 0.5730, Train Acc: 0.9480 | Val Loss: 0.6150, Val Acc: 0.9069, Val F1: 0.9069 | LR: 0.001000
2026-01-25 14:50:56,069 [INFO] - Epoch 26/50 | Train Loss: 0.5708, Train Acc: 0.9500 | Val Loss: 0.8170, Val Acc: 0.8069, Val F1: 0.7893 | LR: 0.001000
2026-01-25 14:50:56,069 [INFO] - 早停触发! 最佳验证F1: 0.9389
2026-01-25 14:50:56,069 [INFO] - 训练完成! 最佳验证F1: 0.9389
2026-01-25 14:50:56,405 [INFO] - 学习曲线已保存至 results\UCI_Multimodal_Experiment\learning_curves.png
2026-01-25 14:50:56,508 [INFO] - 进行最终测试...
2026-01-25 14:50:56,535 [INFO] - 已加载最佳模型进行测试
2026-01-25 14:51:02,328 [INFO] - 测试集详细结果:
2026-01-25 14:51:02,329 [INFO] - 准确率: 0.8459
2026-01-25 14:51:02,329 [INFO] - F1分数: 0.8467
2026-01-25 14:51:02,333 [INFO] - 分类报告:
              precision    recall  f1-score   support

     Walking       0.93      0.78      0.85       496
    Upstairs       0.71      0.89      0.79       471
  Downstairs       0.90      0.90      0.90       420
     Sitting       0.80      0.76      0.78       491
    Standing       0.77      0.76      0.76       532
      Laying       1.00      1.00      1.00       537

    accuracy                           0.85      2947
   macro avg       0.85      0.85      0.85      2947
weighted avg       0.85      0.85      0.85      2947

2026-01-25 14:51:02,335 [INFO] - 混淆矩阵:
[[386  86  16   1   7   0]
 [ 18 418  24   0  11   0]
 [ 10  23 376   0  11   0]
 [  0  24   0 374  93   0]
 [  0  36   0  94 402   0]
 [  0   0   0   0   0 537]]
2026-01-25 14:51:02,336 [INFO] - 最终测试结果 - Loss: 0.7767, Acc: 0.8459, F1: 0.8467
2026-01-25 14:51:02,336 [INFO] - UCI多模态训练实验完成!
2026-01-25 15:20:10,259 [INFO] - 环境设置完成。设备: cuda, 输出目录: results\UCI_Multimodal_Experiment
2026-01-25 15:20:10,260 [INFO] - 正在验证UCI配置文件...
2026-01-25 15:20:10,260 [INFO] - ✓ 所有启用的模态都有对应的专家。
2026-01-25 15:20:10,261 [INFO] - ✓ 分类器输入维度匹配: 64
2026-01-25 15:20:10,261 [INFO] - ✓ UCI配置验证通过
2026-01-25 15:20:10,262 [INFO] - 开始UCI多模态训练实验: config/uci_config.yaml
2026-01-25 15:20:10,262 [INFO] - 加载数据集: UCI
2026-01-25 15:20:10,263 [INFO] - Loading UCI train signals from datasets/dataset/UCI HAR Dataset/train\Inertial Signals...
2026-01-25 15:20:11,765 [INFO] - UCI train set: 5881 samples
2026-01-25 15:20:11,797 [INFO] - Loading UCI train signals from datasets/dataset/UCI HAR Dataset/train\Inertial Signals...
2026-01-25 15:20:13,294 [INFO] - UCI validation set: 1471 samples
2026-01-25 15:20:13,304 [INFO] - Loading UCI test signals from datasets/dataset/UCI HAR Dataset/test\Inertial Signals...
2026-01-25 15:20:13,905 [INFO] - UCI test set: 2947 samples
2026-01-25 15:20:13,920 [INFO] - 数据集大小 - 训练: 5881, 验证: 1471, 测试: 2947
2026-01-25 15:20:13,920 [INFO] - 实际加载的模态: ['gyro', 'total_acc']
2026-01-25 15:20:13,921 [INFO] -   gyro: 形状 torch.Size([128, 3])
2026-01-25 15:20:13,921 [INFO] -   total_acc: 形状 torch.Size([128, 3])
2026-01-25 15:20:13,922 [INFO] - 类别分布: {np.int64(0): np.int64(997), np.int64(1): np.int64(857), np.int64(2): np.int64(786), np.int64(3): np.int64(1022), np.int64(4): np.int64(1105), np.int64(5): np.int64(1114)}
2026-01-25 15:20:13,922 [INFO] - 构建动态HAR模型...
2026-01-25 15:20:13,938 [INFO] - 模型参数总数: 1,056,968
2026-01-25 15:20:13,939 [INFO] - 可训练参数: 1,056,968
2026-01-25 15:20:13,939 [INFO] - 设置训练组件...
2026-01-25 15:20:13,940 [INFO] - 类别权重: {np.int64(0): np.float64(0.983116014710799), np.int64(1): np.float64(1.1437183975106961), np.int64(2): np.float64(1.2470313825275656), np.int64(3): np.float64(0.9590671885192433), np.int64(4): np.float64(0.8870286576168929), np.int64(5): np.float64(0.8798623578695391)}
2026-01-25 15:20:13,941 [INFO] - 训练组件设置完成: 优化器=adam, 调度器=step
2026-01-25 15:20:13,941 [INFO] - 开始训练...
2026-01-25 15:20:26,391 [INFO] - Epoch 1/50 | Train Loss: 0.7974, Train Acc: 0.8413 | Val Loss: 0.9009, Val Acc: 0.8892, Val F1: 0.8892 | LR: 0.001000
2026-01-25 15:20:26,403 [INFO] - 新最佳模型已保存，验证F1分数: 0.8892
2026-01-25 15:20:38,633 [INFO] - Epoch 2/50 | Train Loss: 0.6208, Train Acc: 0.9281 | Val Loss: 0.8941, Val Acc: 0.8858, Val F1: 0.8858 | LR: 0.001000
2026-01-25 15:20:50,907 [INFO] - Epoch 3/50 | Train Loss: 0.5996, Train Acc: 0.9361 | Val Loss: 0.7427, Val Acc: 0.9123, Val F1: 0.9124 | LR: 0.001000
2026-01-25 15:20:50,918 [INFO] - 新最佳模型已保存，验证F1分数: 0.9124
2026-01-25 15:21:03,047 [INFO] - Epoch 4/50 | Train Loss: 0.5859, Train Acc: 0.9363 | Val Loss: 0.7770, Val Acc: 0.8946, Val F1: 0.8948 | LR: 0.001000
2026-01-25 15:21:15,134 [INFO] - Epoch 5/50 | Train Loss: 0.5851, Train Acc: 0.9418 | Val Loss: 0.7347, Val Acc: 0.8926, Val F1: 0.8923 | LR: 0.001000
2026-01-25 15:21:27,386 [INFO] - Epoch 6/50 | Train Loss: 0.5792, Train Acc: 0.9387 | Val Loss: 0.9633, Val Acc: 0.7131, Val F1: 0.6937 | LR: 0.001000
2026-01-25 15:21:39,764 [INFO] - Epoch 7/50 | Train Loss: 0.5858, Train Acc: 0.9382 | Val Loss: 0.6244, Val Acc: 0.9157, Val F1: 0.9147 | LR: 0.001000
2026-01-25 15:21:39,776 [INFO] - 新最佳模型已保存，验证F1分数: 0.9147
2026-01-25 15:21:52,165 [INFO] - Epoch 8/50 | Train Loss: 0.5718, Train Acc: 0.9451 | Val Loss: 0.6538, Val Acc: 0.9375, Val F1: 0.9375 | LR: 0.001000
2026-01-25 15:21:52,176 [INFO] - 新最佳模型已保存，验证F1分数: 0.9375
2026-01-25 15:22:04,537 [INFO] - Epoch 9/50 | Train Loss: 0.5774, Train Acc: 0.9428 | Val Loss: 0.6926, Val Acc: 0.9041, Val F1: 0.9043 | LR: 0.001000
2026-01-25 15:22:16,751 [INFO] - Epoch 10/50 | Train Loss: 0.5747, Train Acc: 0.9454 | Val Loss: 0.7397, Val Acc: 0.8912, Val F1: 0.8912 | LR: 0.001000
2026-01-25 15:22:28,941 [INFO] - Epoch 11/50 | Train Loss: 0.5802, Train Acc: 0.9423 | Val Loss: 0.6814, Val Acc: 0.8939, Val F1: 0.8938 | LR: 0.001000
2026-01-25 15:22:41,206 [INFO] - Epoch 12/50 | Train Loss: 0.5823, Train Acc: 0.9420 | Val Loss: 0.8039, Val Acc: 0.7791, Val F1: 0.7551 | LR: 0.001000
2026-01-25 15:22:53,536 [INFO] - Epoch 13/50 | Train Loss: 0.5769, Train Acc: 0.9456 | Val Loss: 0.6992, Val Acc: 0.9205, Val F1: 0.9204 | LR: 0.001000
2026-01-25 15:23:05,885 [INFO] - Epoch 14/50 | Train Loss: 0.5739, Train Acc: 0.9473 | Val Loss: 0.8945, Val Acc: 0.7376, Val F1: 0.7247 | LR: 0.001000
2026-01-25 15:23:18,302 [INFO] - Epoch 15/50 | Train Loss: 0.5769, Train Acc: 0.9413 | Val Loss: 0.6557, Val Acc: 0.8953, Val F1: 0.8954 | LR: 0.001000
2026-01-25 15:23:30,674 [INFO] - Epoch 16/50 | Train Loss: 0.5705, Train Acc: 0.9464 | Val Loss: 0.6944, Val Acc: 0.8926, Val F1: 0.8914 | LR: 0.001000
2026-01-25 15:23:42,809 [INFO] - Epoch 17/50 | Train Loss: 0.5729, Train Acc: 0.9444 | Val Loss: 0.7029, Val Acc: 0.8967, Val F1: 0.8983 | LR: 0.001000
2026-01-25 15:23:55,322 [INFO] - Epoch 18/50 | Train Loss: 0.5656, Train Acc: 0.9526 | Val Loss: 0.6804, Val Acc: 0.8817, Val F1: 0.8812 | LR: 0.001000
2026-01-25 15:24:07,604 [INFO] - Epoch 19/50 | Train Loss: 0.5695, Train Acc: 0.9457 | Val Loss: 0.6405, Val Acc: 0.9048, Val F1: 0.9044 | LR: 0.001000
2026-01-25 15:24:19,948 [INFO] - Epoch 20/50 | Train Loss: 0.5615, Train Acc: 0.9507 | Val Loss: 0.7183, Val Acc: 0.9109, Val F1: 0.9091 | LR: 0.001000
2026-01-25 15:24:32,460 [INFO] - Epoch 21/50 | Train Loss: 0.5657, Train Acc: 0.9499 | Val Loss: 0.5934, Val Acc: 0.9191, Val F1: 0.9188 | LR: 0.001000
2026-01-25 15:24:44,934 [INFO] - Epoch 22/50 | Train Loss: 0.5663, Train Acc: 0.9492 | Val Loss: 0.7032, Val Acc: 0.8804, Val F1: 0.8781 | LR: 0.001000
2026-01-25 15:24:57,109 [INFO] - Epoch 23/50 | Train Loss: 0.5621, Train Acc: 0.9519 | Val Loss: 0.6420, Val Acc: 0.8953, Val F1: 0.8932 | LR: 0.001000
2026-01-25 15:25:09,306 [INFO] - Epoch 24/50 | Train Loss: 0.5598, Train Acc: 0.9536 | Val Loss: 0.7343, Val Acc: 0.8538, Val F1: 0.8499 | LR: 0.001000
2026-01-25 15:25:21,523 [INFO] - Epoch 25/50 | Train Loss: 0.5667, Train Acc: 0.9478 | Val Loss: 0.6031, Val Acc: 0.9245, Val F1: 0.9245 | LR: 0.001000
2026-01-25 15:25:33,834 [INFO] - Epoch 26/50 | Train Loss: 0.5588, Train Acc: 0.9540 | Val Loss: 0.6192, Val Acc: 0.9307, Val F1: 0.9305 | LR: 0.001000
2026-01-25 15:25:46,108 [INFO] - Epoch 27/50 | Train Loss: 0.5713, Train Acc: 0.9442 | Val Loss: 0.6372, Val Acc: 0.9089, Val F1: 0.9079 | LR: 0.001000
2026-01-25 15:25:58,313 [INFO] - Epoch 28/50 | Train Loss: 0.5728, Train Acc: 0.9490 | Val Loss: 0.6883, Val Acc: 0.8953, Val F1: 0.8944 | LR: 0.001000
2026-01-25 15:26:10,570 [INFO] - Epoch 29/50 | Train Loss: 0.5687, Train Acc: 0.9490 | Val Loss: 0.6579, Val Acc: 0.9177, Val F1: 0.9174 | LR: 0.001000
2026-01-25 15:26:22,885 [INFO] - Epoch 30/50 | Train Loss: 0.5739, Train Acc: 0.9480 | Val Loss: 0.6751, Val Acc: 0.9266, Val F1: 0.9264 | LR: 0.001000
2026-01-25 15:26:35,281 [INFO] - Epoch 31/50 | Train Loss: 0.5667, Train Acc: 0.9518 | Val Loss: 0.7530, Val Acc: 0.8756, Val F1: 0.8744 | LR: 0.001000
2026-01-25 15:26:47,673 [INFO] - Epoch 32/50 | Train Loss: 0.5648, Train Acc: 0.9523 | Val Loss: 0.7704, Val Acc: 0.8606, Val F1: 0.8536 | LR: 0.001000
2026-01-25 15:27:00,097 [INFO] - Epoch 33/50 | Train Loss: 0.5691, Train Acc: 0.9468 | Val Loss: 0.6716, Val Acc: 0.9001, Val F1: 0.8982 | LR: 0.001000
2026-01-25 15:27:00,097 [INFO] - 早停触发! 最佳验证F1: 0.9375
2026-01-25 15:27:00,098 [INFO] - 训练完成! 最佳验证F1: 0.9375
2026-01-25 15:27:00,419 [INFO] - 学习曲线已保存至 results\UCI_Multimodal_Experiment\learning_curves.png
2026-01-25 15:27:00,531 [INFO] - 进行最终测试...
2026-01-25 15:27:00,546 [INFO] - 已加载最佳模型进行测试
2026-01-25 15:27:06,375 [INFO] - 测试集详细结果:
2026-01-25 15:27:06,376 [INFO] - 准确率: 0.8904
2026-01-25 15:27:06,376 [INFO] - F1分数: 0.8894
2026-01-25 15:27:06,380 [INFO] - 分类报告:
              precision    recall  f1-score   support

     Walking       0.91      0.92      0.91       496
    Upstairs       0.93      0.85      0.89       471
  Downstairs       0.89      1.00      0.94       420
     Sitting       0.79      0.77      0.78       491
    Standing       0.82      0.82      0.82       532
      Laying       0.99      1.00      0.99       537

    accuracy                           0.89      2947
   macro avg       0.89      0.89      0.89      2947
weighted avg       0.89      0.89      0.89      2947

2026-01-25 15:27:06,382 [INFO] - 混淆矩阵:
[[457  13  26   0   0   0]
 [ 46 399  24   0   2   0]
 [  0   0 420   0   0   0]
 [  0  17   0 376  92   6]
 [  0   0   0  97 435   0]
 [  0   0   0   0   0 537]]
2026-01-25 15:27:06,382 [INFO] - 最终测试结果 - Loss: 0.6784, Acc: 0.8904, F1: 0.8894
2026-01-25 15:27:06,382 [INFO] - UCI多模态训练实验完成!
