2026-01-25 16:58:30,685 [INFO] - 环境设置完成。设备: cuda, 输出目录: results\UCI_Multimodal_Experiment
2026-01-25 16:58:30,685 [INFO] - 正在验证UCI配置文件...
2026-01-25 16:58:30,686 [INFO] - ✓ 所有启用的模态都有对应的专家。
2026-01-25 16:58:30,686 [INFO] - ✓ 分类器输入维度匹配: 64
2026-01-25 16:58:30,687 [INFO] - ✓ UCI配置验证通过
2026-01-25 16:58:30,687 [INFO] - 开始UCI多模态训练实验: config/uci_config.yaml
2026-01-25 16:58:30,687 [INFO] - 加载数据集: UCI
2026-01-25 16:58:30,721 [INFO] - Loading UCI train signals from datasets/dataset/UCI HAR Dataset/train\Inertial Signals...
2026-01-25 16:58:32,210 [INFO] - UCI train set: 5881 samples
2026-01-25 16:58:32,246 [INFO] - Loading UCI train signals from datasets/dataset/UCI HAR Dataset/train\Inertial Signals...
2026-01-25 16:58:33,765 [INFO] - UCI validation set: 1471 samples
2026-01-25 16:58:33,775 [INFO] - Loading UCI test signals from datasets/dataset/UCI HAR Dataset/test\Inertial Signals...
2026-01-25 16:58:34,432 [INFO] - UCI test set: 2947 samples
2026-01-25 16:58:34,449 [INFO] - 数据集大小 - 训练: 5881, 验证: 1471, 测试: 2947
2026-01-25 16:58:34,450 [INFO] - 实际加载的模态: ['gyro', 'total_acc']
2026-01-25 16:58:34,450 [INFO] -   gyro: 形状 torch.Size([128, 3])
2026-01-25 16:58:34,451 [INFO] -   total_acc: 形状 torch.Size([128, 3])
2026-01-25 16:58:34,452 [INFO] - 类别分布: {np.int64(0): np.int64(997), np.int64(1): np.int64(857), np.int64(2): np.int64(786), np.int64(3): np.int64(1022), np.int64(4): np.int64(1105), np.int64(5): np.int64(1114)}
2026-01-25 16:58:34,452 [INFO] - 构建动态HAR模型...
2026-01-25 16:58:34,563 [INFO] - 模型参数总数: 1,056,968
2026-01-25 16:58:34,564 [INFO] - 可训练参数: 1,056,968
2026-01-25 16:58:34,564 [INFO] - 设置训练组件...
2026-01-25 16:58:34,566 [INFO] - 类别权重: {np.int64(0): np.float64(0.983116014710799), np.int64(1): np.float64(1.1437183975106961), np.int64(2): np.float64(1.2470313825275656), np.int64(3): np.float64(0.9590671885192433), np.int64(4): np.float64(0.8870286576168929), np.int64(5): np.float64(0.8798623578695391)}
2026-01-25 16:58:35,403 [INFO] - 使用StepLR: step_size=10, gamma=0.5
2026-01-25 16:58:35,404 [INFO] - 启用学习率预热: warmup_epochs=5
2026-01-25 16:58:35,404 [INFO] - 训练组件设置完成: 优化器=adamw, 调度器=step
2026-01-25 16:58:35,404 [INFO] - 开始训练...
2026-01-25 16:58:48,421 [INFO] - Epoch 1/50 | Train Loss: 0.7848, Train Acc: 0.8491 | Val Loss: 0.8520, Val Acc: 0.8600, Val F1: 0.8618 | LR: 0.001000
2026-01-25 16:58:48,431 [INFO] - 新最佳模型已保存，验证F1分数: 0.8618
2026-01-25 16:59:00,795 [INFO] - Epoch 2/50 | Train Loss: 0.5835, Train Acc: 0.9466 | Val Loss: 0.6885, Val Acc: 0.8892, Val F1: 0.8889 | LR: 0.000200
2026-01-25 16:59:00,806 [INFO] - 新最佳模型已保存，验证F1分数: 0.8889
2026-01-25 16:59:13,152 [INFO] - Epoch 3/50 | Train Loss: 0.5617, Train Acc: 0.9512 | Val Loss: 0.6987, Val Acc: 0.8967, Val F1: 0.8967 | LR: 0.000400
2026-01-25 16:59:13,161 [INFO] - 新最佳模型已保存，验证F1分数: 0.8967
2026-01-25 16:59:25,702 [INFO] - Epoch 4/50 | Train Loss: 0.5564, Train Acc: 0.9468 | Val Loss: 0.7204, Val Acc: 0.9041, Val F1: 0.9039 | LR: 0.000600
2026-01-25 16:59:25,711 [INFO] - 新最佳模型已保存，验证F1分数: 0.9039
2026-01-25 16:59:38,052 [INFO] - Epoch 5/50 | Train Loss: 0.5582, Train Acc: 0.9495 | Val Loss: 0.6737, Val Acc: 0.9001, Val F1: 0.9002 | LR: 0.000800
2026-01-25 16:59:50,473 [INFO] - Epoch 6/50 | Train Loss: 0.5537, Train Acc: 0.9504 | Val Loss: 0.6529, Val Acc: 0.9116, Val F1: 0.9117 | LR: 0.001000
2026-01-25 16:59:50,482 [INFO] - 新最佳模型已保存，验证F1分数: 0.9117
2026-01-25 17:00:02,864 [INFO] - Epoch 7/50 | Train Loss: 0.5378, Train Acc: 0.9543 | Val Loss: 0.6486, Val Acc: 0.9273, Val F1: 0.9273 | LR: 0.001000
2026-01-25 17:00:02,873 [INFO] - 新最佳模型已保存，验证F1分数: 0.9273
2026-01-25 17:00:15,294 [INFO] - Epoch 8/50 | Train Loss: 0.5307, Train Acc: 0.9557 | Val Loss: 0.6804, Val Acc: 0.9116, Val F1: 0.9117 | LR: 0.001000
2026-01-25 17:00:27,684 [INFO] - Epoch 9/50 | Train Loss: 0.5257, Train Acc: 0.9588 | Val Loss: 0.6638, Val Acc: 0.9177, Val F1: 0.9179 | LR: 0.001000
2026-01-25 17:00:40,296 [INFO] - Epoch 10/50 | Train Loss: 0.5213, Train Acc: 0.9588 | Val Loss: 0.6510, Val Acc: 0.9137, Val F1: 0.9138 | LR: 0.001000
2026-01-25 17:00:53,033 [INFO] - Epoch 11/50 | Train Loss: 0.5219, Train Acc: 0.9569 | Val Loss: 0.7248, Val Acc: 0.8763, Val F1: 0.8760 | LR: 0.001000
2026-01-25 17:01:05,531 [INFO] - Epoch 12/50 | Train Loss: 0.5256, Train Acc: 0.9569 | Val Loss: 0.6882, Val Acc: 0.8851, Val F1: 0.8852 | LR: 0.001000
2026-01-25 17:01:18,264 [INFO] - Epoch 13/50 | Train Loss: 0.5147, Train Acc: 0.9614 | Val Loss: 0.6628, Val Acc: 0.9116, Val F1: 0.9117 | LR: 0.001000
2026-01-25 17:01:30,500 [INFO] - Epoch 14/50 | Train Loss: 0.5090, Train Acc: 0.9629 | Val Loss: 0.7049, Val Acc: 0.8783, Val F1: 0.8779 | LR: 0.001000
2026-01-25 17:01:43,024 [INFO] - Epoch 15/50 | Train Loss: 0.5109, Train Acc: 0.9607 | Val Loss: 0.7248, Val Acc: 0.8804, Val F1: 0.8799 | LR: 0.001000
2026-01-25 17:01:55,146 [INFO] - Epoch 16/50 | Train Loss: 0.5093, Train Acc: 0.9605 | Val Loss: 0.6842, Val Acc: 0.9014, Val F1: 0.9020 | LR: 0.000500
2026-01-25 17:02:07,300 [INFO] - Epoch 17/50 | Train Loss: 0.5032, Train Acc: 0.9658 | Val Loss: 0.6878, Val Acc: 0.9096, Val F1: 0.9097 | LR: 0.000500
2026-01-25 17:02:19,740 [INFO] - Epoch 18/50 | Train Loss: 0.5057, Train Acc: 0.9634 | Val Loss: 0.6431, Val Acc: 0.9035, Val F1: 0.9036 | LR: 0.000500
2026-01-25 17:02:32,291 [INFO] - Epoch 19/50 | Train Loss: 0.5013, Train Acc: 0.9653 | Val Loss: 0.7088, Val Acc: 0.9014, Val F1: 0.9016 | LR: 0.000500
2026-01-25 17:02:44,836 [INFO] - Epoch 20/50 | Train Loss: 0.5019, Train Acc: 0.9648 | Val Loss: 0.6714, Val Acc: 0.9082, Val F1: 0.9084 | LR: 0.000500
2026-01-25 17:02:57,024 [INFO] - Epoch 21/50 | Train Loss: 0.5113, Train Acc: 0.9609 | Val Loss: 0.6381, Val Acc: 0.9014, Val F1: 0.9016 | LR: 0.000500
2026-01-25 17:03:09,227 [INFO] - Epoch 22/50 | Train Loss: 0.5057, Train Acc: 0.9619 | Val Loss: 0.6266, Val Acc: 0.9069, Val F1: 0.9070 | LR: 0.000500
2026-01-25 17:03:21,660 [INFO] - Epoch 23/50 | Train Loss: 0.5025, Train Acc: 0.9631 | Val Loss: 0.6241, Val Acc: 0.9035, Val F1: 0.9036 | LR: 0.000500
2026-01-25 17:03:34,255 [INFO] - Epoch 24/50 | Train Loss: 0.4983, Train Acc: 0.9667 | Val Loss: 0.6602, Val Acc: 0.8831, Val F1: 0.8829 | LR: 0.000500
2026-01-25 17:03:47,038 [INFO] - Epoch 25/50 | Train Loss: 0.4992, Train Acc: 0.9636 | Val Loss: 0.6857, Val Acc: 0.9021, Val F1: 0.9023 | LR: 0.000500
2026-01-25 17:03:59,596 [INFO] - Epoch 26/50 | Train Loss: 0.4950, Train Acc: 0.9681 | Val Loss: 0.6289, Val Acc: 0.9075, Val F1: 0.9077 | LR: 0.000250
2026-01-25 17:04:11,908 [INFO] - Epoch 27/50 | Train Loss: 0.4987, Train Acc: 0.9648 | Val Loss: 0.6534, Val Acc: 0.8953, Val F1: 0.8955 | LR: 0.000250
2026-01-25 17:04:24,180 [INFO] - Epoch 28/50 | Train Loss: 0.4937, Train Acc: 0.9698 | Val Loss: 0.6296, Val Acc: 0.9055, Val F1: 0.9056 | LR: 0.000250
2026-01-25 17:04:36,428 [INFO] - Epoch 29/50 | Train Loss: 0.4972, Train Acc: 0.9648 | Val Loss: 0.6721, Val Acc: 0.9014, Val F1: 0.9016 | LR: 0.000250
2026-01-25 17:04:48,769 [INFO] - Epoch 30/50 | Train Loss: 0.4965, Train Acc: 0.9684 | Val Loss: 0.6549, Val Acc: 0.9055, Val F1: 0.9056 | LR: 0.000250
2026-01-25 17:05:01,185 [INFO] - Epoch 31/50 | Train Loss: 0.4968, Train Acc: 0.9653 | Val Loss: 0.6747, Val Acc: 0.9055, Val F1: 0.9056 | LR: 0.000250
2026-01-25 17:05:13,569 [INFO] - Epoch 32/50 | Train Loss: 0.4934, Train Acc: 0.9679 | Val Loss: 0.6717, Val Acc: 0.9062, Val F1: 0.9063 | LR: 0.000250
2026-01-25 17:05:13,569 [INFO] - 早停触发! 最佳验证F1: 0.9273
2026-01-25 17:05:13,570 [INFO] - 训练完成! 最佳验证F1: 0.9273
2026-01-25 17:05:14,230 [INFO] - 学习曲线已保存至 results\UCI_Multimodal_Experiment\learning_curves.png
2026-01-25 17:05:14,404 [INFO] - 进行最终测试...
2026-01-25 17:05:14,426 [INFO] - 已加载最佳模型进行测试
2026-01-25 17:05:20,243 [INFO] - 测试集详细结果:
2026-01-25 17:05:20,244 [INFO] - 准确率: 0.9138
2026-01-25 17:05:20,244 [INFO] - F1分数: 0.9131
2026-01-25 17:05:20,248 [INFO] - 分类报告:
              precision    recall  f1-score   support

     Walking       0.88      0.97      0.92       496
    Upstairs       0.92      0.84      0.88       471
  Downstairs       0.97      1.00      0.99       420
     Sitting       0.83      0.84      0.84       491
    Standing       0.89      0.84      0.86       532
      Laying       0.99      1.00      1.00       537

    accuracy                           0.91      2947
   macro avg       0.91      0.91      0.91      2947
weighted avg       0.91      0.91      0.91      2947

2026-01-25 17:05:20,249 [INFO] - 混淆矩阵:
[[482  13   1   0   0   0]
 [ 66 394  11   0   0   0]
 [  0   0 420   0   0   0]
 [  0  20   0 414  54   3]
 [  0   0   0  86 446   0]
 [  0   0   0   0   0 537]]
2026-01-25 17:05:20,250 [INFO] - 最终测试结果 - Loss: 0.6699, Acc: 0.9138, F1: 0.9131
2026-01-25 17:05:20,250 [INFO] - UCI多模态训练实验完成!
